2026-01-23 00:17:56,876 - INFO - 12:00 Daily scrape starting (attempt 1/2)
2026-01-23 00:18:07,675 - INFO - 12:00 Daily scrape completed: 379 records
2026-01-23 00:18:07,675 - WARNING - Low record count: 379 (expected ~1000)
2026-01-23 00:18:07,675 - INFO - 12:00 scrape job completed successfully
2026-01-26 14:22:57,237 - INFO - 12:00 Daily scrape starting (attempt 1/2)
2026-01-26 14:23:26,886 - INFO - 12:00 Daily scrape completed: 1000 records
2026-01-26 14:23:26,887 - INFO - 12:00 scrape job completed successfully
2026-01-28 12:43:29,042 - INFO - 12:00 Daily scrape starting (attempt 1/2)
2026-01-28 12:43:55,273 - INFO - 12:00 Daily scrape completed: 1000 records
2026-01-28 12:43:55,273 - INFO - 12:00 scrape job completed successfully
2026-01-29 00:53:50,484 - INFO - 12:00 Daily scrape starting (attempt 1/2)
2026-01-29 00:54:02,901 - INFO - 12:00 Daily scrape completed: 401 records
2026-01-29 00:54:02,901 - WARNING - Low record count: 401 (expected ~1000)
2026-01-29 00:54:02,901 - INFO - 12:00 scrape job completed successfully
2026-01-29 02:57:34,518 - INFO - 12:00 Daily scrape starting (attempt 1/2)
2026-01-29 02:58:00,489 - INFO - 12:00 Daily scrape completed: 1000 records
2026-01-29 02:58:00,490 - INFO - 12:00 scrape job completed successfully
2026-01-29 03:02:12,059 - INFO - 12:00 Daily scrape starting (attempt 1/2)
2026-01-29 03:02:40,865 - INFO - 12:00 Daily scrape completed: 1000 records
2026-01-29 03:02:40,865 - INFO - 12:00 scrape job completed successfully
2026-01-29 04:46:11,521 - INFO - 12:00 Daily scrape starting (attempt 1/2)
2026-01-29 04:46:42,912 - INFO - 12:00 Daily scrape completed: 1000 records
2026-01-29 04:46:42,912 - INFO - 12:00 scrape job completed successfully
2026-01-30 04:43:53,896 - INFO - 12:00 Daily scrape starting (attempt 1/2)
2026-01-30 04:44:24,095 - INFO - 12:00 Daily scrape completed: 1000 records
2026-01-30 04:44:24,095 - INFO - 12:00 scrape job completed successfully
2026-01-31 04:27:46,739 - INFO - 12:00 Daily scrape starting (attempt 1/2)
2026-01-31 04:28:19,039 - INFO - 12:00 Daily scrape completed: 1000 records
2026-01-31 04:28:19,039 - INFO - 12:00 scrape job completed successfully
2026-02-01 05:04:56,672 - INFO - 12:00 Daily scrape starting (attempt 1/2)
2026-02-01 05:05:20,719 - INFO - 12:00 Daily scrape completed: 1000 records
2026-02-01 05:05:20,719 - INFO - 12:00 scrape job completed successfully
2026-02-02 05:00:53,441 - INFO - 12:00 Daily scrape starting (attempt 1/2)
2026-02-02 05:01:26,596 - INFO - 12:00 Daily scrape completed: 1000 records
2026-02-02 05:01:26,596 - INFO - 12:00 scrape job completed successfully
2026-02-03 04:50:28,853 - INFO - 12:00 Daily scrape starting (attempt 1/2)
2026-02-03 04:51:03,512 - INFO - 12:00 Daily scrape completed: 1000 records
2026-02-03 04:51:03,512 - INFO - 12:00 scrape job completed successfully
2026-02-04 04:44:12,146 - INFO - 12:00 Daily scrape starting (attempt 1/2)
2026-02-04 04:44:44,219 - INFO - 12:00 Daily scrape completed: 1000 records
2026-02-04 04:44:44,219 - INFO - 12:00 scrape job completed successfully
2026-02-05 04:51:37,616 - INFO - 12:00 Daily scrape starting (attempt 1/2)
2026-02-05 04:52:02,010 - INFO - 12:00 Daily scrape completed: 1000 records
2026-02-05 04:52:02,010 - INFO - 12:00 scrape job completed successfully
2026-02-06 04:50:28,368 - INFO - 12:00 Daily scrape starting (attempt 1/2)
2026-02-06 04:51:01,040 - INFO - 12:00 Daily scrape completed: 1000 records
2026-02-06 04:51:01,040 - INFO - 12:00 scrape job completed successfully
2026-02-07 04:41:13,520 - INFO - 12:00 Daily scrape starting (attempt 1/2)
2026-02-07 04:41:43,685 - INFO - 12:00 Daily scrape completed: 1000 records
2026-02-07 04:41:43,685 - INFO - 12:00 scrape job completed successfully
2026-02-08 05:07:28,044 - INFO - 12:00 Daily scrape starting (attempt 1/2)
2026-02-08 05:07:54,489 - INFO - 12:00 Daily scrape completed: 1000 records
2026-02-08 05:07:54,489 - INFO - 12:00 scrape job completed successfully
2026-02-09 05:05:15,878 - INFO - 12:00 Daily scrape starting (attempt 1/2)
2026-02-09 05:05:51,462 - INFO - 12:00 Daily scrape completed: 1000 records
2026-02-09 05:05:51,462 - INFO - 12:00 scrape job completed successfully
2026-02-10 05:07:54,658 - INFO - 12:00 Daily scrape starting (attempt 1/2)
2026-02-10 05:08:19,679 - INFO - 12:00 Daily scrape completed: 1000 records
2026-02-10 05:08:19,679 - INFO - 12:00 scrape job completed successfully
2026-02-11 05:06:39,855 - INFO - 12:00 Daily scrape starting (attempt 1/2)
2026-02-11 05:07:11,828 - INFO - 12:00 Daily scrape completed: 1000 records
2026-02-11 05:07:11,828 - INFO - 12:00 scrape job completed successfully
2026-02-12 05:01:35,932 - INFO - 12:00 Daily scrape starting (attempt 1/2)
2026-02-12 05:02:00,349 - INFO - 12:00 Daily scrape completed: 1000 records
2026-02-12 05:02:00,349 - INFO - 12:00 scrape job completed successfully
2026-02-13 04:57:04,613 - INFO - 12:00 Daily scrape starting (attempt 1/2)
2026-02-13 04:57:32,183 - INFO - 12:00 Daily scrape completed: 1000 records
2026-02-13 04:57:32,183 - INFO - 12:00 scrape job completed successfully
2026-02-14 04:44:33,066 - INFO - 12:00 Daily scrape starting (attempt 1/2)
2026-02-14 04:44:57,744 - INFO - 12:00 Daily scrape completed: 1000 records
2026-02-14 04:44:57,744 - INFO - 12:00 scrape job completed successfully
2026-02-15 04:58:00,996 - INFO - 12:00 Daily scrape starting (attempt 1/2)
2026-02-15 04:58:25,681 - INFO - 12:00 Daily scrape completed: 1000 records
2026-02-15 04:58:25,681 - INFO - 12:00 scrape job completed successfully
2026-02-16 05:03:14,133 - INFO - 12:00 Daily scrape starting (attempt 1/2)
2026-02-16 05:03:41,873 - INFO - 12:00 Daily scrape completed: 1000 records
2026-02-16 05:03:41,873 - INFO - 12:00 scrape job completed successfully
2026-02-17 04:56:19,857 - INFO - 12:00 Daily scrape starting (attempt 1/2)
2026-02-17 04:56:45,265 - INFO - 12:00 Daily scrape completed: 1000 records
2026-02-17 04:56:45,265 - INFO - 12:00 scrape job completed successfully
2026-02-18 04:57:04,512 - INFO - 12:00 Daily scrape starting (attempt 1/2)
2026-02-18 04:57:29,748 - INFO - 12:00 Daily scrape completed: 1000 records
2026-02-18 04:57:29,748 - INFO - 12:00 scrape job completed successfully
2026-02-19 04:56:36,672 - INFO - 12:00 Daily scrape starting (attempt 1/2)
2026-02-19 04:57:02,045 - INFO - 12:00 Daily scrape completed: 1000 records
2026-02-19 04:57:02,045 - INFO - 12:00 scrape job completed successfully
2026-02-20 04:51:18,769 - INFO - 12:00 Daily scrape starting (attempt 1/2)
2026-02-20 04:51:52,150 - INFO - 12:00 Daily scrape completed: 1000 records
2026-02-20 04:51:52,150 - INFO - 12:00 scrape job completed successfully
2026-02-21 04:40:04,845 - INFO - 12:00 Daily scrape starting (attempt 1/2)
2026-02-21 04:40:37,929 - INFO - 12:00 Daily scrape completed: 1000 records
2026-02-21 04:40:37,929 - INFO - 12:00 scrape job completed successfully
2026-02-22 04:52:26,009 - INFO - 12:00 Daily scrape starting (attempt 1/2)
2026-02-22 04:52:56,285 - INFO - 12:00 Daily scrape completed: 1000 records
2026-02-22 04:52:56,285 - INFO - 12:00 scrape job completed successfully
2026-02-23 05:01:45,982 - INFO - 12:00 Daily scrape starting (attempt 1/2)
2026-02-23 05:02:11,242 - INFO - 12:00 Daily scrape completed: 1000 records
2026-02-23 05:02:11,242 - INFO - 12:00 scrape job completed successfully
2026-02-24 04:55:42,224 - INFO - 12:00 Daily scrape starting (attempt 1/2)
2026-02-24 04:56:16,301 - INFO - 12:00 Daily scrape completed: 1000 records
2026-02-24 04:56:16,301 - INFO - 12:00 scrape job completed successfully
2026-02-25 04:56:37,982 - INFO - 12:00 Daily scrape starting (attempt 1/2)
2026-02-25 04:57:02,281 - INFO - 12:00 Daily scrape completed: 1000 records
2026-02-25 04:57:02,281 - INFO - 12:00 scrape job completed successfully
2026-02-26 04:53:49,805 - INFO - 12:00 Daily scrape starting (attempt 1/2)
2026-02-26 04:54:14,589 - INFO - 12:00 Daily scrape completed: 1000 records
2026-02-26 04:54:14,589 - INFO - 12:00 scrape job completed successfully
2026-02-27 04:48:54,912 - INFO - 12:00 Daily scrape starting (attempt 1/2)
2026-02-27 04:49:19,793 - INFO - 12:00 Daily scrape completed: 1000 records
2026-02-27 04:49:19,793 - INFO - 12:00 scrape job completed successfully
2026-02-28 04:18:10,846 - INFO - 12:00 Daily scrape starting (attempt 1/2)
2026-02-28 04:18:36,932 - INFO - 12:00 Daily scrape completed: 1000 records
2026-02-28 04:18:36,932 - INFO - 12:00 scrape job completed successfully
2026-03-01 04:57:42,144 - INFO - 12:00 Daily scrape starting (attempt 1/2)
2026-03-01 04:58:07,492 - INFO - 12:00 Daily scrape completed: 1000 records
2026-03-01 04:58:07,492 - INFO - 12:00 scrape job completed successfully
2026-03-02 04:51:35,039 - INFO - 12:00 Daily scrape starting (attempt 1/2)
2026-03-02 04:52:06,940 - INFO - 12:00 Daily scrape completed: 1000 records
2026-03-02 04:52:06,940 - INFO - 12:00 scrape job completed successfully
2026-03-03 04:50:00,362 - INFO - 12:00 Daily scrape starting (attempt 1/2)
2026-03-03 04:50:23,964 - INFO - 12:00 Daily scrape completed: 1000 records
2026-03-03 04:50:23,965 - INFO - 12:00 scrape job completed successfully
2026-03-04 04:44:12,200 - INFO - 12:00 Daily scrape starting (attempt 1/2)
2026-03-04 04:44:37,060 - INFO - 12:00 Daily scrape completed: 1000 records
2026-03-04 04:44:37,060 - INFO - 12:00 scrape job completed successfully
2026-03-05 04:47:53,873 - INFO - 12:00 Daily scrape starting (attempt 1/2)
2026-03-05 04:48:19,082 - INFO - 12:00 Daily scrape completed: 1000 records
2026-03-05 04:48:19,082 - INFO - 12:00 scrape job completed successfully
2026-03-06 04:45:12,058 - INFO - 12:00 Daily scrape starting (attempt 1/2)
2026-03-06 04:45:47,151 - INFO - 12:00 Daily scrape completed: 1000 records
2026-03-06 04:45:47,151 - INFO - 12:00 scrape job completed successfully
2026-03-07 04:24:09,605 - INFO - 12:00 Daily scrape starting (attempt 1/2)
2026-03-07 04:24:34,538 - INFO - 12:00 Daily scrape completed: 1000 records
2026-03-07 04:24:34,539 - INFO - 12:00 scrape job completed successfully
2026-03-08 04:46:26,297 - INFO - 12:00 Daily scrape starting (attempt 1/2)
2026-03-08 04:46:50,579 - INFO - 12:00 Daily scrape completed: 1000 records
2026-03-08 04:46:50,579 - INFO - 12:00 scrape job completed successfully
2026-03-09 04:55:35,012 - INFO - 12:00 Daily scrape starting (attempt 1/2)
2026-03-09 04:55:59,024 - INFO - 12:00 Daily scrape completed: 1000 records
2026-03-09 04:55:59,024 - INFO - 12:00 scrape job completed successfully
2026-03-10 04:45:29,055 - INFO - 12:00 Daily scrape starting (attempt 1/2)
2026-03-10 04:45:58,906 - INFO - 12:00 Daily scrape completed: 1000 records
2026-03-10 04:45:58,907 - INFO - 12:00 scrape job completed successfully
2026-03-11 04:46:28,875 - INFO - 12:00 Daily scrape starting (attempt 1/2)
2026-03-11 04:46:57,381 - INFO - 12:00 Daily scrape completed: 1000 records
2026-03-11 04:46:57,381 - INFO - 12:00 scrape job completed successfully
2026-03-12 04:50:33,137 - INFO - 12:00 Daily scrape starting (attempt 1/2)
2026-03-12 04:50:56,635 - INFO - 12:00 Daily scrape completed: 1000 records
2026-03-12 04:50:56,635 - INFO - 12:00 scrape job completed successfully
2026-03-13 04:47:50,314 - INFO - 12:00 Daily scrape starting (attempt 1/2)
2026-03-13 04:48:18,107 - INFO - 12:00 Daily scrape completed: 1000 records
2026-03-13 04:48:18,107 - INFO - 12:00 scrape job completed successfully
2026-03-14 04:45:52,613 - INFO - 12:00 Daily scrape starting (attempt 1/2)
2026-03-14 04:46:20,416 - INFO - 12:00 Daily scrape completed: 1000 records
2026-03-14 04:46:20,416 - INFO - 12:00 scrape job completed successfully
2026-03-15 05:09:34,781 - INFO - 12:00 Daily scrape starting (attempt 1/2)
2026-03-15 05:10:07,918 - INFO - 12:00 Daily scrape completed: 1000 records
2026-03-15 05:10:07,918 - INFO - 12:00 scrape job completed successfully
2026-03-16 05:20:52,073 - INFO - 12:00 Daily scrape starting (attempt 1/2)
2026-03-16 05:21:25,443 - INFO - 12:00 Daily scrape completed: 1000 records
2026-03-16 05:21:25,443 - INFO - 12:00 scrape job completed successfully
2026-03-17 04:55:30,792 - INFO - 12:00 Daily scrape starting (attempt 1/2)
2026-03-17 04:56:04,175 - INFO - 12:00 Daily scrape completed: 1000 records
2026-03-17 04:56:04,175 - INFO - 12:00 scrape job completed successfully
2026-03-18 05:00:27,930 - INFO - 12:00 Daily scrape starting (attempt 1/2)
2026-03-18 05:00:53,900 - INFO - 12:00 Daily scrape completed: 1000 records
2026-03-18 05:00:53,900 - INFO - 12:00 scrape job completed successfully
2026-03-19 04:57:52,087 - INFO - 12:00 Daily scrape starting (attempt 1/2)
2026-03-19 04:58:18,164 - INFO - 12:00 Daily scrape completed: 1000 records
2026-03-19 04:58:18,164 - INFO - 12:00 scrape job completed successfully
2026-03-20 04:50:27,255 - INFO - 12:00 Daily scrape starting (attempt 1/2)
2026-03-20 04:50:51,972 - INFO - 12:00 Daily scrape completed: 1000 records
2026-03-20 04:50:51,972 - INFO - 12:00 scrape job completed successfully
2026-03-21 04:40:33,944 - INFO - 12:00 Daily scrape starting (attempt 1/2)
2026-03-21 04:41:00,458 - INFO - 12:00 Daily scrape completed: 1000 records
2026-03-21 04:41:00,458 - INFO - 12:00 scrape job completed successfully
2026-03-22 04:56:02,634 - INFO - 12:00 Daily scrape starting (attempt 1/2)
2026-03-22 04:56:24,005 - INFO - 12:00 Daily scrape completed: 1000 records
2026-03-22 04:56:24,005 - INFO - 12:00 scrape job completed successfully
2026-03-23 05:07:04,849 - INFO - 12:00 Daily scrape starting (attempt 1/2)
2026-03-23 05:07:28,931 - INFO - 12:00 Daily scrape completed: 1000 records
2026-03-23 05:07:28,931 - INFO - 12:00 scrape job completed successfully
2026-03-24 04:57:27,404 - INFO - 12:00 Daily scrape starting (attempt 1/2)
2026-03-24 04:57:48,563 - INFO - 12:00 Daily scrape completed: 1000 records
2026-03-24 04:57:48,563 - INFO - 12:00 scrape job completed successfully
2026-03-25 04:57:50,231 - INFO - 12:00 Daily scrape starting (attempt 1/2)
2026-03-25 04:58:12,048 - INFO - 12:00 Daily scrape completed: 1000 records
2026-03-25 04:58:12,048 - INFO - 12:00 scrape job completed successfully
2026-03-26 05:10:14,811 - INFO - 12:00 Daily scrape starting (attempt 1/2)
2026-03-26 05:10:36,978 - INFO - 12:00 Daily scrape completed: 1000 records
2026-03-26 05:10:36,978 - INFO - 12:00 scrape job completed successfully
2026-03-27 05:11:16,432 - INFO - 12:00 Daily scrape starting (attempt 1/2)
2026-03-27 05:11:40,609 - INFO - 12:00 Daily scrape completed: 1000 records
2026-03-27 05:11:40,609 - INFO - 12:00 scrape job completed successfully
2026-03-28 04:56:58,779 - INFO - 12:00 Daily scrape starting (attempt 1/2)
2026-03-28 04:57:28,716 - INFO - 12:00 Daily scrape completed: 1000 records
2026-03-28 04:57:28,716 - INFO - 12:00 scrape job completed successfully
2026-03-29 05:15:09,198 - INFO - 12:00 Daily scrape starting (attempt 1/2)
2026-03-29 05:15:30,927 - INFO - 12:00 Daily scrape completed: 1000 records
2026-03-29 05:15:30,927 - INFO - 12:00 scrape job completed successfully
2026-03-30 05:29:05,402 - INFO - 12:00 Daily scrape starting (attempt 1/2)
2026-03-30 05:29:31,042 - INFO - 12:00 Daily scrape completed: 1000 records
2026-03-30 05:29:31,042 - INFO - 12:00 scrape job completed successfully
2026-03-31 05:13:40,163 - INFO - 12:00 Daily scrape starting (attempt 1/2)
2026-03-31 05:14:04,294 - INFO - 12:00 Daily scrape completed: 1000 records
2026-03-31 05:14:04,294 - INFO - 12:00 scrape job completed successfully
2026-04-01 05:28:19,059 - INFO - 12:00 Daily scrape starting (attempt 1/2)
2026-04-01 05:28:40,239 - INFO - 12:00 Daily scrape completed: 1000 records
2026-04-01 05:28:40,239 - INFO - 12:00 scrape job completed successfully
2026-04-02 05:06:45,750 - INFO - 12:00 Daily scrape starting (attempt 1/2)
2026-04-02 05:07:07,093 - INFO - 12:00 Daily scrape completed: 1000 records
2026-04-02 05:07:07,093 - INFO - 12:00 scrape job completed successfully
2026-04-03 05:09:03,335 - INFO - 12:00 Daily scrape starting (attempt 1/2)
2026-04-03 05:09:28,376 - INFO - 12:00 Daily scrape completed: 1000 records
2026-04-03 05:09:28,376 - INFO - 12:00 scrape job completed successfully
2026-04-04 04:54:15,187 - INFO - 12:00 Daily scrape starting (attempt 1/2)
2026-04-04 04:54:43,621 - INFO - 12:00 Daily scrape completed: 1000 records
2026-04-04 04:54:43,622 - INFO - 12:00 scrape job completed successfully
2026-04-05 05:17:03,078 - INFO - 12:00 Daily scrape starting (attempt 1/2)
2026-04-05 05:17:31,276 - INFO - 12:00 Daily scrape completed: 1000 records
2026-04-05 05:17:31,276 - INFO - 12:00 scrape job completed successfully
2026-04-06 05:29:20,689 - INFO - 12:00 Daily scrape starting (attempt 1/2)
2026-04-06 05:29:46,185 - INFO - 12:00 Daily scrape completed: 1000 records
2026-04-06 05:29:46,185 - INFO - 12:00 scrape job completed successfully
2026-04-07 05:13:41,413 - INFO - 12:00 Daily scrape starting (attempt 1/2)
2026-04-07 05:14:07,162 - INFO - 12:00 Daily scrape completed: 1000 records
2026-04-07 05:14:07,162 - INFO - 12:00 scrape job completed successfully
2026-04-08 05:15:18,534 - INFO - 12:00 Daily scrape starting (attempt 1/2)
2026-04-08 05:15:45,418 - INFO - 12:00 Daily scrape completed: 1000 records
2026-04-08 05:15:45,418 - INFO - 12:00 scrape job completed successfully
2026-04-09 05:13:18,131 - INFO - 12:00 Daily scrape starting (attempt 1/2)
2026-04-09 05:13:38,834 - INFO - 12:00 Daily scrape completed: 1000 records
2026-04-09 05:13:38,834 - INFO - 12:00 scrape job completed successfully
2026-04-10 05:29:07,960 - INFO - 12:00 Daily scrape starting (attempt 1/2)
2026-04-10 05:29:36,932 - INFO - 12:00 Daily scrape completed: 1000 records
2026-04-10 05:29:36,932 - INFO - 12:00 scrape job completed successfully
2026-04-11 04:58:57,949 - INFO - 12:00 Daily scrape starting (attempt 1/2)
2026-04-11 04:59:19,629 - INFO - 12:00 Daily scrape completed: 1000 records
2026-04-11 04:59:19,629 - INFO - 12:00 scrape job completed successfully
2026-04-12 05:27:45,727 - INFO - 12:00 Daily scrape starting (attempt 1/2)
2026-04-12 05:28:11,718 - INFO - 12:00 Daily scrape completed: 1000 records
2026-04-12 05:28:11,718 - INFO - 12:00 scrape job completed successfully
2026-04-13 05:45:39,095 - INFO - 12:00 Daily scrape starting (attempt 1/2)
2026-04-13 05:46:05,059 - INFO - 12:00 Daily scrape completed: 1000 records
2026-04-13 05:46:05,060 - INFO - 12:00 scrape job completed successfully
2026-04-14 05:28:31,273 - INFO - 12:00 Daily scrape starting (attempt 1/2)
2026-04-14 05:28:57,600 - INFO - 12:00 Daily scrape completed: 1000 records
2026-04-14 05:28:57,600 - INFO - 12:00 scrape job completed successfully
2026-04-15 05:28:25,982 - INFO - 12:00 Daily scrape starting (attempt 1/2)
2026-04-15 05:28:54,482 - INFO - 12:00 Daily scrape completed: 1000 records
2026-04-15 05:28:54,482 - INFO - 12:00 scrape job completed successfully
2026-04-16 05:34:14,368 - INFO - 12:00 Daily scrape starting (attempt 1/2)
2026-04-16 05:34:42,510 - INFO - 12:00 Daily scrape completed: 1000 records
2026-04-16 05:34:42,511 - INFO - 12:00 scrape job completed successfully
2026-04-17 05:32:18,375 - INFO - 12:00 Daily scrape starting (attempt 1/2)
2026-04-17 05:32:39,413 - INFO - 12:00 Daily scrape completed: 1000 records
2026-04-17 05:32:39,413 - INFO - 12:00 scrape job completed successfully
2026-04-18 05:10:40,231 - INFO - 12:00 Daily scrape starting (attempt 1/2)
2026-04-18 05:11:08,062 - INFO - 12:00 Daily scrape completed: 1000 records
2026-04-18 05:11:08,062 - INFO - 12:00 scrape job completed successfully
2026-04-19 05:32:47,324 - INFO - 12:00 Daily scrape starting (attempt 1/2)
2026-04-19 05:33:20,322 - INFO - 12:00 Daily scrape completed: 1000 records
2026-04-19 05:33:20,322 - INFO - 12:00 scrape job completed successfully
2026-04-20 05:44:57,344 - INFO - 12:00 Daily scrape starting (attempt 1/2)
2026-04-20 05:45:22,836 - INFO - 12:00 Daily scrape completed: 1000 records
2026-04-20 05:45:22,836 - INFO - 12:00 scrape job completed successfully
2026-04-21 05:31:13,521 - INFO - 12:00 Daily scrape starting (attempt 1/2)
2026-04-21 05:31:35,080 - INFO - 12:00 Daily scrape completed: 1000 records
2026-04-21 05:31:35,080 - INFO - 12:00 scrape job completed successfully
2026-04-22 05:30:06,500 - INFO - 12:00 Daily scrape starting (attempt 1/2)
2026-04-22 05:30:32,863 - INFO - 12:00 Daily scrape completed: 1000 records
2026-04-22 05:30:32,863 - INFO - 12:00 scrape job completed successfully
2026-04-23 05:34:26,707 - INFO - 12:00 Daily scrape starting (attempt 1/2)
2026-04-23 05:34:48,117 - INFO - 12:00 Daily scrape completed: 1000 records
2026-04-23 05:34:48,117 - INFO - 12:00 scrape job completed successfully
2026-04-24 05:39:35,300 - INFO - 12:00 Daily scrape starting (attempt 1/2)
2026-04-24 05:40:02,589 - INFO - 12:00 Daily scrape completed: 1000 records
2026-04-24 05:40:02,589 - INFO - 12:00 scrape job completed successfully
2026-04-25 05:16:28,392 - INFO - 12:00 Daily scrape starting (attempt 1/2)
2026-04-25 05:16:49,665 - INFO - 12:00 Daily scrape completed: 1000 records
2026-04-25 05:16:49,665 - INFO - 12:00 scrape job completed successfully
2026-04-26 05:43:06,888 - INFO - 12:00 Daily scrape starting (attempt 1/2)
2026-04-26 05:43:35,764 - INFO - 12:00 Daily scrape completed: 1000 records
2026-04-26 05:43:35,764 - INFO - 12:00 scrape job completed successfully
2026-04-27 06:05:30,557 - INFO - 12:00 Daily scrape starting (attempt 1/2)
2026-04-27 06:05:52,078 - INFO - 12:00 Daily scrape completed: 1000 records
2026-04-27 06:05:52,078 - INFO - 12:00 scrape job completed successfully
2026-04-28 06:09:33,478 - INFO - 12:00 Daily scrape starting (attempt 1/2)
2026-04-28 06:09:54,784 - INFO - 12:00 Daily scrape completed: 1000 records
2026-04-28 06:09:54,784 - INFO - 12:00 scrape job completed successfully
2026-04-29 05:57:18,368 - INFO - 12:00 Daily scrape starting (attempt 1/2)
2026-04-29 05:57:42,629 - INFO - 12:00 Daily scrape completed: 1000 records
2026-04-29 05:57:42,629 - INFO - 12:00 scrape job completed successfully
2026-04-30 06:08:02,800 - INFO - 12:00 Daily scrape starting (attempt 1/2)
2026-04-30 06:09:08,243 - INFO - 12:00 Daily scrape completed: 1000 records
2026-04-30 06:09:08,243 - INFO - 12:00 scrape job completed successfully
2026-05-01 06:18:18,033 - INFO - 12:00 Daily scrape starting (attempt 1/2)
2026-05-01 06:18:48,560 - INFO - 12:00 Daily scrape completed: 1000 records
2026-05-01 06:18:48,560 - INFO - 12:00 scrape job completed successfully
2026-05-02 05:40:31,549 - INFO - 12:00 Daily scrape starting (attempt 1/2)
2026-05-02 05:40:57,375 - INFO - 12:00 Daily scrape completed: 1000 records
2026-05-02 05:40:57,375 - INFO - 12:00 scrape job completed successfully
2026-05-03 06:08:13,910 - INFO - 12:00 Daily scrape starting (attempt 1/2)
2026-05-03 06:08:43,265 - INFO - 12:00 Daily scrape completed: 1000 records
2026-05-03 06:08:43,265 - INFO - 12:00 scrape job completed successfully
2026-05-04 06:17:12,770 - INFO - 12:00 Daily scrape starting (attempt 1/2)
2026-05-04 06:17:39,472 - INFO - 12:00 Daily scrape completed: 1000 records
2026-05-04 06:17:39,472 - INFO - 12:00 scrape job completed successfully
2026-05-05 05:46:56,161 - INFO - 12:00 Daily scrape starting (attempt 1/2)
2026-05-05 05:47:22,001 - INFO - 12:00 Daily scrape completed: 1000 records
2026-05-05 05:47:22,001 - INFO - 12:00 scrape job completed successfully
2026-05-06 06:08:30,493 - INFO - 12:00 Daily scrape starting (attempt 1/2)
2026-05-06 06:08:57,950 - INFO - 12:00 Daily scrape completed: 1000 records
2026-05-06 06:08:57,950 - INFO - 12:00 scrape job completed successfully
2026-05-07 06:13:32,263 - INFO - 12:00 Daily scrape starting (attempt 1/2)
2026-05-07 06:14:01,506 - INFO - 12:00 Daily scrape completed: 1000 records
2026-05-07 06:14:01,506 - INFO - 12:00 scrape job completed successfully
2026-05-08 05:32:12,093 - INFO - 12:00 Daily scrape starting (attempt 1/2)
2026-05-08 05:32:33,167 - INFO - 12:00 Daily scrape completed: 1000 records
2026-05-08 05:32:33,167 - INFO - 12:00 scrape job completed successfully
2026-05-09 05:51:21,536 - INFO - 12:00 Daily scrape starting (attempt 1/2)
2026-05-09 05:51:45,947 - INFO - 12:00 Daily scrape completed: 1000 records
2026-05-09 05:51:45,947 - INFO - 12:00 scrape job completed successfully
2026-05-10 06:14:43,794 - INFO - 12:00 Daily scrape starting (attempt 1/2)
2026-05-10 06:15:13,944 - INFO - 12:00 Daily scrape completed: 1000 records
2026-05-10 06:15:13,944 - INFO - 12:00 scrape job completed successfully
2026-05-11 06:42:13,589 - INFO - 12:00 Daily scrape starting (attempt 1/2)
2026-05-11 06:42:34,788 - INFO - 12:00 Daily scrape completed: 1000 records
2026-05-11 06:42:34,788 - INFO - 12:00 scrape job completed successfully
2026-05-12 06:16:54,158 - INFO - 12:00 Daily scrape starting (attempt 1/2)
2026-05-12 06:17:30,430 - INFO - 12:00 Daily scrape completed: 1000 records
2026-05-12 06:17:30,430 - INFO - 12:00 scrape job completed successfully
2026-05-13 06:28:27,173 - INFO - 12:00 Daily scrape starting (attempt 1/2)
2026-05-13 06:28:54,714 - INFO - 12:00 Daily scrape completed: 1000 records
2026-05-13 06:28:54,714 - INFO - 12:00 scrape job completed successfully
2026-05-14 06:27:20,034 - INFO - 12:00 Daily scrape starting (attempt 1/2)
2026-05-14 06:27:46,034 - INFO - 12:00 Daily scrape completed: 1000 records
2026-05-14 06:27:46,034 - INFO - 12:00 scrape job completed successfully
2026-05-15 06:36:04,280 - INFO - 12:00 Daily scrape starting (attempt 1/2)
2026-05-15 06:36:31,166 - INFO - 12:00 Daily scrape completed: 1000 records
2026-05-15 06:36:31,166 - INFO - 12:00 scrape job completed successfully
2026-05-16 05:57:16,735 - INFO - 12:00 Daily scrape starting (attempt 1/2)
2026-05-16 05:57:37,817 - INFO - 12:00 Daily scrape completed: 1000 records
2026-05-16 05:57:37,817 - INFO - 12:00 scrape job completed successfully
2026-05-17 06:25:37,031 - INFO - 12:00 Daily scrape starting (attempt 1/2)
2026-05-17 06:26:03,816 - INFO - 12:00 Daily scrape completed: 1000 records
2026-05-17 06:26:03,816 - INFO - 12:00 scrape job completed successfully
2026-05-18 06:59:23,322 - INFO - 12:00 Daily scrape starting (attempt 1/2)
2026-05-18 06:59:49,395 - INFO - 12:00 Daily scrape completed: 1000 records
2026-05-18 06:59:49,395 - INFO - 12:00 scrape job completed successfully
2026-05-19 06:51:16,896 - INFO - 12:00 Daily scrape starting (attempt 1/2)
2026-05-19 06:51:53,395 - INFO - 12:00 Daily scrape completed: 1000 records
2026-05-19 06:51:53,395 - INFO - 12:00 scrape job completed successfully
2026-05-20 06:51:27,286 - INFO - 12:00 Daily scrape starting (attempt 1/2)
2026-05-20 06:51:54,692 - INFO - 12:00 Daily scrape completed: 1000 records
2026-05-20 06:51:54,692 - INFO - 12:00 scrape job completed successfully
2026-05-21 06:55:59,881 - INFO - 12:00 Daily scrape starting (attempt 1/2)
2026-05-21 06:56:28,019 - INFO - 12:00 Daily scrape completed: 1000 records
2026-05-21 06:56:28,019 - INFO - 12:00 scrape job completed successfully
2026-05-22 06:52:01,323 - INFO - 12:00 Daily scrape starting (attempt 1/2)
2026-05-22 06:52:30,671 - INFO - 12:00 Daily scrape completed: 1000 records
2026-05-22 06:52:30,671 - INFO - 12:00 scrape job completed successfully
2026-05-23 06:14:43,927 - INFO - 12:00 Daily scrape starting (attempt 1/2)
2026-05-23 06:15:05,630 - INFO - 12:00 Daily scrape completed: 1000 records
2026-05-23 06:15:05,630 - INFO - 12:00 scrape job completed successfully
2026-05-24 06:39:46,437 - INFO - 12:00 Daily scrape starting (attempt 1/2)
2026-05-24 06:40:19,976 - INFO - 12:00 Daily scrape completed: 1000 records
2026-05-24 06:40:19,976 - INFO - 12:00 scrape job completed successfully
2026-05-25 07:17:58,599 - INFO - 12:00 Daily scrape starting (attempt 1/2)
2026-05-25 07:18:22,358 - INFO - 12:00 Daily scrape completed: 1000 records
2026-05-25 07:18:22,358 - INFO - 12:00 scrape job completed successfully
2026-05-26 06:50:03,365 - INFO - 12:00 Daily scrape starting (attempt 1/2)
2026-05-26 06:50:27,622 - INFO - 12:00 Daily scrape completed: 1000 records
2026-05-26 06:50:27,622 - INFO - 12:00 scrape job completed successfully
2026-05-27 07:06:40,732 - INFO - 12:00 Daily scrape starting (attempt 1/2)
2026-05-27 07:07:08,714 - INFO - 12:00 Daily scrape completed: 1000 records
2026-05-27 07:07:08,714 - INFO - 12:00 scrape job completed successfully
2026-05-28 06:57:33,438 - INFO - 12:00 Daily scrape starting (attempt 1/2)
2026-05-28 06:58:03,841 - INFO - 12:00 Daily scrape completed: 1000 records
2026-05-28 06:58:03,841 - INFO - 12:00 scrape job completed successfully
2026-05-29 06:57:45,588 - INFO - 12:00 Daily scrape starting (attempt 1/2)
2026-05-29 06:58:15,895 - INFO - 12:00 Daily scrape completed: 1000 records
2026-05-29 06:58:15,895 - INFO - 12:00 scrape job completed successfully
2026-05-30 06:26:03,101 - INFO - 12:00 Daily scrape starting (attempt 1/2)
2026-05-30 06:26:23,545 - INFO - 12:00 Daily scrape completed: 1000 records
2026-05-30 06:26:23,546 - INFO - 12:00 scrape job completed successfully
2026-05-31 07:00:31,147 - INFO - 12:00 Daily scrape starting (attempt 1/2)
2026-05-31 07:00:52,229 - INFO - 12:00 Daily scrape completed: 1000 records
2026-05-31 07:00:52,229 - INFO - 12:00 scrape job completed successfully
2026-06-01 08:38:02,355 - INFO - 12:00 Daily scrape starting (attempt 1/2)
2026-06-01 08:38:27,395 - INFO - 12:00 Daily scrape completed: 1000 records
2026-06-01 08:38:27,395 - INFO - 12:00 scrape job completed successfully
2026-06-02 07:27:05,169 - INFO - 12:00 Daily scrape starting (attempt 1/2)
2026-06-02 07:27:26,842 - INFO - 12:00 Daily scrape completed: 1000 records
2026-06-02 07:27:26,842 - INFO - 12:00 scrape job completed successfully
2026-06-03 08:21:29,823 - INFO - 12:00 Daily scrape starting (attempt 1/2)
2026-06-03 08:22:02,920 - INFO - 12:00 Daily scrape completed: 1000 records
2026-06-03 08:22:02,921 - INFO - 12:00 scrape job completed successfully
2026-06-04 07:26:41,020 - INFO - 12:00 Daily scrape starting (attempt 1/2)
2026-06-04 07:27:01,351 - INFO - 12:00 Daily scrape completed: 1000 records
2026-06-04 07:27:01,351 - INFO - 12:00 scrape job completed successfully
2026-06-05 07:11:37,851 - INFO - 12:00 Daily scrape starting (attempt 1/2)
2026-06-05 07:11:58,931 - INFO - 12:00 Daily scrape completed: 1000 records
2026-06-05 07:11:58,931 - INFO - 12:00 scrape job completed successfully
2026-06-06 06:32:39,159 - INFO - 12:00 Daily scrape starting (attempt 1/2)
2026-06-06 06:33:04,456 - INFO - 12:00 Daily scrape completed: 1000 records
2026-06-06 06:33:04,456 - INFO - 12:00 scrape job completed successfully
2026-06-07 07:08:07,977 - INFO - 12:00 Daily scrape starting (attempt 1/2)
2026-06-07 07:08:38,026 - INFO - 12:00 Daily scrape completed: 1000 records
2026-06-07 07:08:38,026 - INFO - 12:00 scrape job completed successfully
2026-06-08 08:13:40,781 - INFO - 12:00 Daily scrape starting (attempt 1/2)
2026-06-08 08:14:09,030 - INFO - 12:00 Daily scrape completed: 1000 records
2026-06-08 08:14:09,031 - INFO - 12:00 scrape job completed successfully
2026-06-09 06:52:39,774 - INFO - 12:00 Daily scrape starting (attempt 1/2)
2026-06-09 06:53:05,574 - INFO - 12:00 Daily scrape completed: 1000 records
2026-06-09 06:53:05,574 - INFO - 12:00 scrape job completed successfully
2026-06-10 07:12:00,960 - INFO - 12:00 Daily scrape starting (attempt 1/2)
2026-06-10 07:13:15,172 - INFO - 12:00 Daily scrape completed: 1000 records
2026-06-10 07:13:15,173 - INFO - 12:00 scrape job completed successfully
2026-06-11 08:07:01,542 - INFO - 12:00 Daily scrape starting (attempt 1/2)
2026-06-11 08:08:18,752 - INFO - 12:00 Daily scrape completed: 1000 records
2026-06-11 08:08:18,752 - INFO - 12:00 scrape job completed successfully
2026-06-12 07:25:40,647 - INFO - 12:00 Daily scrape starting (attempt 1/2)
2026-06-12 07:26:22,258 - INFO - 12:00 Daily scrape completed: 1000 records
2026-06-12 07:26:22,258 - INFO - 12:00 scrape job completed successfully
2026-06-13 07:00:41,056 - INFO - 12:00 Daily scrape starting (attempt 1/2)
2026-06-13 07:01:07,654 - INFO - 12:00 Daily scrape completed: 1000 records
2026-06-13 07:01:07,654 - INFO - 12:00 scrape job completed successfully
2026-06-14 07:25:36,684 - INFO - 12:00 Daily scrape starting (attempt 1/2)
2026-06-14 07:26:00,016 - INFO - 12:00 Daily scrape completed: 1000 records
2026-06-14 07:26:00,016 - INFO - 12:00 scrape job completed successfully
2026-06-15 09:26:43,833 - INFO - 12:00 Daily scrape starting (attempt 1/2)
2026-06-15 09:27:13,251 - INFO - 12:00 Daily scrape completed: 1000 records
2026-06-15 09:27:13,252 - INFO - 12:00 scrape job completed successfully
2026-06-16 08:48:37,075 - INFO - 12:00 Daily scrape starting (attempt 1/2)
2026-06-16 08:49:03,574 - INFO - 12:00 Daily scrape completed: 1000 records
2026-06-16 08:49:03,574 - INFO - 12:00 scrape job completed successfully
2026-06-17 08:30:42,222 - INFO - 12:00 Daily scrape starting (attempt 1/2)
2026-06-17 08:31:10,908 - INFO - 12:00 Daily scrape completed: 1000 records
2026-06-17 08:31:10,908 - INFO - 12:00 scrape job completed successfully
2026-06-18 08:10:56,195 - INFO - 12:00 Daily scrape starting (attempt 1/2)
2026-06-18 08:11:25,827 - INFO - 12:00 Daily scrape completed: 1000 records
2026-06-18 08:11:25,827 - INFO - 12:00 scrape job completed successfully
2026-06-19 08:34:38,714 - INFO - 12:00 Daily scrape starting (attempt 1/2)
2026-06-19 08:35:06,214 - INFO - 12:00 Daily scrape completed: 1000 records
2026-06-19 08:35:06,214 - INFO - 12:00 scrape job completed successfully
2026-06-20 07:03:19,685 - INFO - 12:00 Daily scrape starting (attempt 1/2)
2026-06-20 07:03:55,638 - INFO - 12:00 Daily scrape completed: 1000 records
2026-06-20 07:03:55,638 - INFO - 12:00 scrape job completed successfully
2026-06-21 08:02:58,045 - INFO - 12:00 Daily scrape starting (attempt 1/2)
2026-06-21 08:03:27,236 - INFO - 12:00 Daily scrape completed: 1000 records
2026-06-21 08:03:27,236 - INFO - 12:00 scrape job completed successfully
2026-06-22 09:13:27,710 - INFO - 12:00 Daily scrape starting (attempt 1/2)
2026-06-22 09:13:58,190 - INFO - 12:00 Daily scrape completed: 1000 records
2026-06-22 09:13:58,190 - INFO - 12:00 scrape job completed successfully
2026-06-23 06:53:43,634 - INFO - 12:00 Daily scrape starting (attempt 1/2)
2026-06-23 06:54:10,268 - INFO - 12:00 Daily scrape completed: 1000 records
2026-06-23 06:54:10,268 - INFO - 12:00 scrape job completed successfully
2026-06-24 06:51:31,601 - INFO - 12:00 Daily scrape starting (attempt 1/2)
2026-06-24 06:51:52,396 - INFO - 12:00 Daily scrape completed: 1000 records
2026-06-24 06:51:52,396 - INFO - 12:00 scrape job completed successfully
2026-06-25 06:51:01,456 - INFO - 12:00 Daily scrape starting (attempt 1/2)
2026-06-25 06:51:31,810 - INFO - 12:00 Daily scrape completed: 1000 records
2026-06-25 06:51:31,810 - INFO - 12:00 scrape job completed successfully
2026-06-26 06:57:35,607 - INFO - 12:00 Daily scrape starting (attempt 1/2)
2026-06-26 06:58:02,318 - INFO - 12:00 Daily scrape completed: 1000 records
2026-06-26 06:58:02,318 - INFO - 12:00 scrape job completed successfully
2026-06-27 06:31:47,366 - INFO - 12:00 Daily scrape starting (attempt 1/2)
2026-06-27 06:32:14,115 - INFO - 12:00 Daily scrape completed: 1000 records
2026-06-27 06:32:14,115 - INFO - 12:00 scrape job completed successfully
2026-06-28 07:04:44,183 - INFO - 12:00 Daily scrape starting (attempt 1/2)
2026-06-28 07:05:05,055 - INFO - 12:00 Daily scrape completed: 1000 records
2026-06-28 07:05:05,055 - INFO - 12:00 scrape job completed successfully
2026-06-29 08:17:47,262 - INFO - 12:00 Daily scrape starting (attempt 1/2)
2026-06-29 08:18:17,727 - INFO - 12:00 Daily scrape completed: 1000 records
2026-06-29 08:18:17,727 - INFO - 12:00 scrape job completed successfully
2026-06-30 06:57:58,972 - INFO - 12:00 Daily scrape starting (attempt 1/2)
2026-06-30 06:58:26,788 - INFO - 12:00 Daily scrape completed: 1000 records
2026-06-30 06:58:26,788 - INFO - 12:00 scrape job completed successfully
2026-07-01 07:14:50,528 - INFO - 12:00 Daily scrape starting (attempt 1/2)
2026-07-01 07:15:17,279 - INFO - 12:00 Daily scrape completed: 1000 records
2026-07-01 07:15:17,279 - INFO - 12:00 scrape job completed successfully
2026-07-02 06:44:04,236 - INFO - 12:00 Daily scrape starting (attempt 1/2)
2026-07-02 06:44:39,847 - INFO - 12:00 Daily scrape completed: 1000 records
2026-07-02 06:44:39,847 - INFO - 12:00 scrape job completed successfully
2026-07-03 06:35:31,169 - INFO - 12:00 Daily scrape starting (attempt 1/2)
2026-07-03 06:36:01,160 - INFO - 12:00 Daily scrape completed: 1000 records
2026-07-03 06:36:01,160 - INFO - 12:00 scrape job completed successfully
2026-07-04 06:23:24,444 - INFO - 12:00 Daily scrape starting (attempt 1/2)
2026-07-04 06:23:51,787 - INFO - 12:00 Daily scrape completed: 1000 records
2026-07-04 06:23:51,787 - INFO - 12:00 scrape job completed successfully
2026-07-05 06:43:40,255 - INFO - 12:00 Daily scrape starting (attempt 1/2)
2026-07-05 06:44:07,358 - INFO - 12:00 Daily scrape completed: 1000 records
2026-07-05 06:44:07,358 - INFO - 12:00 scrape job completed successfully
2026-07-06 07:16:18,049 - INFO - 12:00 Daily scrape starting (attempt 1/2)
2026-07-06 07:16:45,433 - INFO - 12:00 Daily scrape completed: 1000 records
2026-07-06 07:16:45,433 - INFO - 12:00 scrape job completed successfully
2026-07-07 06:49:52,748 - INFO - 12:00 Daily scrape starting (attempt 1/2)
2026-07-07 06:50:21,318 - INFO - 12:00 Daily scrape completed: 1000 records
2026-07-07 06:50:21,318 - INFO - 12:00 scrape job completed successfully
2026-07-08 05:55:41,530 - INFO - 12:00 Daily scrape starting (attempt 1/2)
2026-07-08 05:56:08,761 - INFO - 12:00 Daily scrape completed: 1000 records
2026-07-08 05:56:08,761 - INFO - 12:00 scrape job completed successfully
2026-07-09 06:53:31,173 - INFO - 12:00 Daily scrape starting (attempt 1/2)
2026-07-09 06:53:52,350 - INFO - 12:00 Daily scrape completed: 1000 records
2026-07-09 06:53:52,351 - INFO - 12:00 scrape job completed successfully
2026-07-10 06:48:59,727 - INFO - 12:00 Daily scrape starting (attempt 1/2)
2026-07-10 06:49:25,159 - INFO - 12:00 Daily scrape completed: 1000 records
2026-07-10 06:49:25,159 - INFO - 12:00 scrape job completed successfully
2026-07-11 05:43:42,447 - INFO - 12:00 Daily scrape starting (attempt 1/2)
2026-07-11 05:44:10,921 - INFO - 12:00 Daily scrape completed: 1000 records
2026-07-11 05:44:10,921 - INFO - 12:00 scrape job completed successfully
2026-07-12 06:07:14,628 - INFO - 12:00 Daily scrape starting (attempt 1/2)
2026-07-12 06:07:40,474 - INFO - 12:00 Daily scrape completed: 1000 records
2026-07-12 06:07:40,474 - INFO - 12:00 scrape job completed successfully
2026-07-13 06:23:04,388 - INFO - 12:00 Daily scrape starting (attempt 1/2)
2026-07-13 06:23:31,861 - INFO - 12:00 Daily scrape completed: 1000 records
2026-07-13 06:23:31,861 - INFO - 12:00 scrape job completed successfully
2026-07-14 05:34:59,360 - INFO - 12:00 Daily scrape starting (attempt 1/2)
2026-07-14 05:35:30,937 - INFO - 12:00 Daily scrape completed: 1000 records
2026-07-14 05:35:30,937 - INFO - 12:00 scrape job completed successfully
2026-07-15 05:36:02,061 - INFO - 12:00 Daily scrape starting (attempt 1/2)
2026-07-15 05:36:29,796 - INFO - 12:00 Daily scrape completed: 1000 records
2026-07-15 05:36:29,796 - INFO - 12:00 scrape job completed successfully
2026-07-16 05:43:27,660 - INFO - 12:00 Daily scrape starting (attempt 1/2)
2026-07-16 05:44:02,696 - INFO - 12:00 Daily scrape completed: 1000 records
2026-07-16 05:44:02,697 - INFO - 12:00 scrape job completed successfully
2026-07-17 05:44:46,235 - INFO - 12:00 Daily scrape starting (attempt 1/2)
2026-07-17 05:45:07,483 - INFO - 12:00 Daily scrape completed: 1000 records
2026-07-17 05:45:07,483 - INFO - 12:00 scrape job completed successfully
2026-07-18 05:30:34,579 - INFO - 12:00 Daily scrape starting (attempt 1/2)
2026-07-18 05:30:57,624 - INFO - 12:00 Daily scrape completed: 1000 records
2026-07-18 05:30:57,624 - INFO - 12:00 scrape job completed successfully
2026-07-19 05:56:58,044 - INFO - 12:00 Daily scrape starting (attempt 1/2)
2026-07-19 05:57:29,226 - INFO - 12:00 Daily scrape completed: 1000 records
2026-07-19 05:57:29,226 - INFO - 12:00 scrape job completed successfully
2026-07-20 06:20:24,488 - INFO - 12:00 Daily scrape starting (attempt 1/2)
2026-07-20 06:20:54,042 - INFO - 12:00 Daily scrape completed: 1000 records
2026-07-20 06:20:54,042 - INFO - 12:00 scrape job completed successfully
2026-07-21 05:54:11,678 - INFO - 12:00 Daily scrape starting (attempt 1/2)
2026-07-21 05:54:42,465 - INFO - 12:00 Daily scrape completed: 1000 records
2026-07-21 05:54:42,466 - INFO - 12:00 scrape job completed successfully
2026-07-22 05:53:12,770 - INFO - 12:00 Daily scrape starting (attempt 1/2)
2026-07-22 05:53:41,856 - INFO - 12:00 Daily scrape completed: 1000 records
2026-07-22 05:53:41,856 - INFO - 12:00 scrape job completed successfully
2026-07-23 06:04:24,631 - INFO - 12:00 Daily scrape starting (attempt 1/2)
2026-07-23 06:04:56,332 - INFO - 12:00 Daily scrape completed: 1000 records
2026-07-23 06:04:56,332 - INFO - 12:00 scrape job completed successfully
2026-07-24 05:52:49,046 - INFO - 12:00 Daily scrape starting (attempt 1/2)
2026-07-24 05:53:14,715 - INFO - 12:00 Daily scrape completed: 1000 records
2026-07-24 05:53:14,715 - INFO - 12:00 scrape job completed successfully
2026-07-25 05:45:57,020 - INFO - 12:00 Daily scrape starting (attempt 1/2)
2026-07-25 05:46:22,771 - INFO - 12:00 Daily scrape completed: 1000 records
2026-07-25 05:46:22,771 - INFO - 12:00 scrape job completed successfully
2026-07-26 06:08:57,067 - INFO - 12:00 Daily scrape starting (attempt 1/2)
2026-07-26 06:09:20,363 - INFO - 12:00 Daily scrape completed: 1000 records
2026-07-26 06:09:20,363 - INFO - 12:00 scrape job completed successfully
2026-07-27 06:33:44,674 - INFO - 12:00 Daily scrape starting (attempt 1/2)
2026-07-27 06:34:06,296 - INFO - 12:00 Daily scrape completed: 1000 records
2026-07-27 06:34:06,296 - INFO - 12:00 scrape job completed successfully
2026-07-28 05:50:08,220 - INFO - 12:00 Daily scrape starting (attempt 1/2)
2026-07-28 05:50:29,072 - INFO - 12:00 Daily scrape completed: 1000 records
2026-07-28 05:50:29,073 - INFO - 12:00 scrape job completed successfully
2026-07-29 05:55:33,651 - INFO - 12:00 Daily scrape starting (attempt 1/2)
2026-07-29 05:56:06,467 - INFO - 12:00 Daily scrape completed: 1000 records
2026-07-29 05:56:06,468 - INFO - 12:00 scrape job completed successfully
2026-07-30 05:44:12,702 - INFO - 12:00 Daily scrape starting (attempt 1/2)
2026-07-30 05:44:42,371 - INFO - 12:00 Daily scrape completed: 1000 records
2026-07-30 05:44:42,371 - INFO - 12:00 scrape job completed successfully
2026-07-31 06:16:29,105 - INFO - 12:00 Daily scrape starting (attempt 1/2)
2026-07-31 06:16:50,938 - INFO - 12:00 Daily scrape completed: 1000 records
2026-07-31 06:16:50,938 - INFO - 12:00 scrape job completed successfully
2026-08-01 05:58:50,085 - INFO - 12:00 Daily scrape starting (attempt 1/2)
2026-08-01 05:59:21,727 - INFO - 12:00 Daily scrape completed: 1000 records
2026-08-01 05:59:21,727 - INFO - 12:00 scrape job completed successfully
2026-08-02 06:07:07,769 - INFO - 12:00 Daily scrape starting (attempt 1/2)
2026-08-02 06:07:36,611 - INFO - 12:00 Daily scrape completed: 1000 records
2026-08-02 06:07:36,611 - INFO - 12:00 scrape job completed successfully
2026-08-03 06:27:02,490 - INFO - 12:00 Daily scrape starting (attempt 1/2)
2026-08-03 06:27:25,034 - INFO - 12:00 Daily scrape completed: 1000 records
2026-08-03 06:27:25,034 - INFO - 12:00 scrape job completed successfully
2026-08-04 05:51:17,356 - INFO - 12:00 Daily scrape starting (attempt 1/2)
2026-08-04 05:51:49,987 - INFO - 12:00 Daily scrape completed: 1000 records
2026-08-04 05:51:49,987 - INFO - 12:00 scrape job completed successfully
2026-08-05 05:48:46,586 - INFO - 12:00 Daily scrape starting (attempt 1/2)
2026-08-05 05:49:16,177 - INFO - 12:00 Daily scrape completed: 1000 records
2026-08-05 05:49:16,177 - INFO - 12:00 scrape job completed successfully
2026-08-06 05:52:38,988 - INFO - 12:00 Daily scrape starting (attempt 1/2)
2026-08-06 05:53:04,719 - INFO - 12:00 Daily scrape completed: 1000 records
2026-08-06 05:53:04,719 - INFO - 12:00 scrape job completed successfully
2026-08-07 04:56:59,158 - INFO - 12:00 Daily scrape starting (attempt 1/2)
2026-08-07 04:57:31,800 - INFO - 12:00 Daily scrape completed: 1000 records
2026-08-07 04:57:31,800 - INFO - 12:00 scrape job completed successfully
2026-08-08 04:12:13,364 - INFO - 12:00 Daily scrape starting (attempt 1/2)
2026-08-08 04:12:44,375 - INFO - 12:00 Daily scrape completed: 1000 records
2026-08-08 04:12:44,375 - INFO - 12:00 scrape job completed successfully
2026-08-09 04:19:32,450 - INFO - 12:00 Daily scrape starting (attempt 1/2)
2026-08-09 04:20:02,254 - INFO - 12:00 Daily scrape completed: 1000 records
2026-08-09 04:20:02,254 - INFO - 12:00 scrape job completed successfully
2026-08-10 04:41:02,369 - INFO - 12:00 Daily scrape starting (attempt 1/2)
2026-08-10 04:41:35,860 - INFO - 12:00 Daily scrape completed: 1000 records
2026-08-10 04:41:35,860 - INFO - 12:00 scrape job completed successfully
2026-08-11 04:21:59,886 - INFO - 12:00 Daily scrape starting (attempt 1/2)
2026-08-11 04:22:31,749 - INFO - 12:00 Daily scrape completed: 1000 records
2026-08-11 04:22:31,749 - INFO - 12:00 scrape job completed successfully
2026-08-12 04:49:27,572 - INFO - 12:00 Daily scrape starting (attempt 1/2)
2026-08-12 04:49:54,511 - INFO - 12:00 Daily scrape completed: 1000 records
2026-08-12 04:49:54,511 - INFO - 12:00 scrape job completed successfully
2026-08-13 04:53:32,696 - INFO - 12:00 Daily scrape starting (attempt 1/2)
2026-08-13 04:54:00,549 - INFO - 12:00 Daily scrape completed: 1000 records
2026-08-13 04:54:00,549 - INFO - 12:00 scrape job completed successfully
2026-08-14 04:50:47,818 - INFO - 12:00 Daily scrape starting (attempt 1/2)
2026-08-14 04:51:16,220 - INFO - 12:00 Daily scrape completed: 1000 records
2026-08-14 04:51:16,220 - INFO - 12:00 scrape job completed successfully
2026-08-15 03:41:59,515 - INFO - 12:00 Daily scrape starting (attempt 1/2)
2026-08-15 03:42:27,854 - INFO - 12:00 Daily scrape completed: 1000 records
2026-08-15 03:42:27,854 - INFO - 12:00 scrape job completed successfully
2026-08-16 03:50:48,973 - INFO - 12:00 Daily scrape starting (attempt 1/2)
2026-08-16 03:51:22,113 - INFO - 12:00 Daily scrape completed: 1000 records
2026-08-16 03:51:22,113 - INFO - 12:00 scrape job completed successfully
2026-08-17 03:52:45,130 - INFO - 12:00 Daily scrape starting (attempt 1/2)
2026-08-17 03:53:18,777 - INFO - 12:00 Daily scrape completed: 1000 records
2026-08-17 03:53:18,777 - INFO - 12:00 scrape job completed successfully
2026-08-18 03:47:34,741 - INFO - 12:00 Daily scrape starting (attempt 1/2)
2026-08-18 03:48:06,708 - INFO - 12:00 Daily scrape completed: 1000 records
2026-08-18 03:48:06,709 - INFO - 12:00 scrape job completed successfully
2026-08-19 03:49:19,069 - INFO - 12:00 Daily scrape starting (attempt 1/2)
2026-08-19 03:49:49,352 - INFO - 12:00 Daily scrape completed: 1000 records
2026-08-19 03:49:49,352 - INFO - 12:00 scrape job completed successfully
2026-08-20 03:49:22,147 - INFO - 12:00 Daily scrape starting (attempt 1/2)
2026-08-20 03:49:51,323 - INFO - 12:00 Daily scrape completed: 1000 records
2026-08-20 03:49:51,323 - INFO - 12:00 scrape job completed successfully
2026-08-21 03:52:26,496 - INFO - 12:00 Daily scrape starting (attempt 1/2)
2026-08-21 03:52:54,275 - INFO - 12:00 Daily scrape completed: 1000 records
2026-08-21 03:52:54,275 - INFO - 12:00 scrape job completed successfully
2026-08-22 03:44:31,700 - INFO - 12:00 Daily scrape starting (attempt 1/2)
2026-08-22 03:45:04,187 - INFO - 12:00 Daily scrape completed: 1000 records
2026-08-22 03:45:04,187 - INFO - 12:00 scrape job completed successfully
2026-08-23 03:52:48,255 - INFO - 12:00 Daily scrape starting (attempt 1/2)
2026-08-23 03:53:15,570 - INFO - 12:00 Daily scrape completed: 1000 records
2026-08-23 03:53:15,570 - INFO - 12:00 scrape job completed successfully
2026-08-24 03:56:47,361 - INFO - 12:00 Daily scrape starting (attempt 1/2)
2026-08-24 03:57:15,396 - INFO - 12:00 Daily scrape completed: 1000 records
2026-08-24 03:57:15,396 - INFO - 12:00 scrape job completed successfully
2026-08-25 03:51:15,821 - INFO - 12:00 Daily scrape starting (attempt 1/2)
2026-08-25 03:51:49,667 - INFO - 12:00 Daily scrape completed: 1000 records
2026-08-25 03:51:49,667 - INFO - 12:00 scrape job completed successfully
2026-08-26 03:55:40,440 - INFO - 12:00 Daily scrape starting (attempt 1/2)
2026-08-26 03:56:10,427 - INFO - 12:00 Daily scrape completed: 1000 records
2026-08-26 03:56:10,427 - INFO - 12:00 scrape job completed successfully
2026-08-27 13:57:21,482 - INFO - 12:00 Daily scrape starting (attempt 1/2)
2026-08-27 13:57:54,396 - INFO - 12:00 Daily scrape completed: 1000 records
2026-08-27 13:57:54,396 - INFO - 12:00 scrape job completed successfully
2026-08-28 15:08:41,512 - INFO - 12:00 Daily scrape starting (attempt 1/2)
2026-08-28 15:09:10,194 - INFO - 12:00 Daily scrape completed: 1000 records
2026-08-28 15:09:10,194 - INFO - 12:00 scrape job completed successfully
